Apache Maven 3.9.16 (2bdd9fddda4b155ebf8000e807eb73fd829a51d5)
Maven home: /usr/share/apache-maven-3.9.16
Java version: 21.0.12.1, vendor: Eclipse Adoptium, runtime: /usr/lib/jvm/temurin-21-jdk-amd64
Default locale: en, platform encoding: UTF-8
OS name: "linux", version: "6.17.0-1022-azure", arch: "amd64", family: "unix"
[DEBUG] Created new class realm maven.api
[DEBUG] Importing foreign packages into class realm maven.api
[DEBUG]   Imported: javax.annotation.* < plexus.core
[DEBUG]   Imported: javax.annotation.security.* < plexus.core
[DEBUG]   Imported: javax.inject.* < plexus.core
[DEBUG]   Imported: org.apache.maven.* < plexus.core
[DEBUG]   Imported: org.apache.maven.artifact < plexus.core
[DEBUG]   Imported: org.apache.maven.classrealm < plexus.core
[DEBUG]   Imported: org.apache.maven.cli < plexus.core
[DEBUG]   Imported: org.apache.maven.configuration < plexus.core
[DEBUG]   Imported: org.apache.maven.exception < plexus.core
[DEBUG]   Imported: org.apache.maven.execution < plexus.core
[DEBUG]   Imported: org.apache.maven.execution.scope < plexus.core
[DEBUG]   Imported: org.apache.maven.graph < plexus.core
[DEBUG]   Imported: org.apache.maven.lifecycle < plexus.core
[DEBUG]   Imported: org.apache.maven.model < plexus.core
[DEBUG]   Imported: org.apache.maven.monitor < plexus.core
[DEBUG]   Imported: org.apache.maven.plugin < plexus.core
[DEBUG]   Imported: org.apache.maven.profiles < plexus.core
[DEBUG]   Imported: org.apache.maven.project < plexus.core
[DEBUG]   Imported: org.apache.maven.reporting < plexus.core
[DEBUG]   Imported: org.apache.maven.repository < plexus.core
[DEBUG]   Imported: org.apache.maven.rtinfo < plexus.core
[DEBUG]   Imported: org.apache.maven.settings < plexus.core
[DEBUG]   Imported: org.apache.maven.toolchain < plexus.core
[DEBUG]   Imported: org.apache.maven.usability < plexus.core
[DEBUG]   Imported: org.apache.maven.wagon.* < plexus.core
[DEBUG]   Imported: org.apache.maven.wagon.authentication < plexus.core
[DEBUG]   Imported: org.apache.maven.wagon.authorization < plexus.core
[DEBUG]   Imported: org.apache.maven.wagon.events < plexus.core
[DEBUG]   Imported: org.apache.maven.wagon.observers < plexus.core
[DEBUG]   Imported: org.apache.maven.wagon.proxy < plexus.core
[DEBUG]   Imported: org.apache.maven.wagon.repository < plexus.core
[DEBUG]   Imported: org.apache.maven.wagon.resource < plexus.core
[DEBUG]   Imported: org.codehaus.classworlds < plexus.core
[DEBUG]   Imported: org.codehaus.plexus.* < plexus.core
[DEBUG]   Imported: org.codehaus.plexus.classworlds < plexus.core
[DEBUG]   Imported: org.codehaus.plexus.component < plexus.core
[DEBUG]   Imported: org.codehaus.plexus.configuration < plexus.core
[DEBUG]   Imported: org.codehaus.plexus.container < plexus.core
[DEBUG]   Imported: org.codehaus.plexus.context < plexus.core
[DEBUG]   Imported: org.codehaus.plexus.lifecycle < plexus.core
[DEBUG]   Imported: org.codehaus.plexus.logging < plexus.core
[DEBUG]   Imported: org.codehaus.plexus.personality < plexus.core
[DEBUG]   Imported: org.codehaus.plexus.util.xml.Xpp3Dom < plexus.core
[DEBUG]   Imported: org.codehaus.plexus.util.xml.pull.XmlPullParser < plexus.core
[DEBUG]   Imported: org.codehaus.plexus.util.xml.pull.XmlPullParserException < plexus.core
[DEBUG]   Imported: org.codehaus.plexus.util.xml.pull.XmlSerializer < plexus.core
[DEBUG]   Imported: org.eclipse.aether.* < plexus.core
[DEBUG]   Imported: org.eclipse.aether.artifact < plexus.core
[DEBUG]   Imported: org.eclipse.aether.collection < plexus.core
[DEBUG]   Imported: org.eclipse.aether.deployment < plexus.core
[DEBUG]   Imported: org.eclipse.aether.graph < plexus.core
[DEBUG]   Imported: org.eclipse.aether.impl < plexus.core
[DEBUG]   Imported: org.eclipse.aether.installation < plexus.core
[DEBUG]   Imported: org.eclipse.aether.internal.impl < plexus.core
[DEBUG]   Imported: org.eclipse.aether.metadata < plexus.core
[DEBUG]   Imported: org.eclipse.aether.repository < plexus.core
[DEBUG]   Imported: org.eclipse.aether.resolution < plexus.core
[DEBUG]   Imported: org.eclipse.aether.spi < plexus.core
[DEBUG]   Imported: org.eclipse.aether.transfer < plexus.core
[DEBUG]   Imported: org.eclipse.aether.util < plexus.core
[DEBUG]   Imported: org.eclipse.aether.version < plexus.core
[DEBUG]   Imported: org.fusesource.jansi.* < plexus.core
[DEBUG]   Imported: org.slf4j.* < plexus.core
[DEBUG]   Imported: org.slf4j.event.* < plexus.core
[DEBUG]   Imported: org.slf4j.helpers.* < plexus.core
[DEBUG]   Imported: org.slf4j.spi.* < plexus.core
[DEBUG] Populating class realm maven.api
[DEBUG] Created adapter factory; available factories [file-lock, rwlock-local, semaphore-local, noop]; available name mappers [discriminating, file-gaecv, file-gav, file-hgaecv, file-hgav, file-static, gaecv, gav, static]
[INFO] Error stacktraces are turned on.
[DEBUG] Message scheme: plain
[DEBUG] Reading global settings from /usr/share/apache-maven-3.9.16/conf/settings.xml
[DEBUG] Reading user settings from /home/runner/.m2/settings.xml
[DEBUG] Reading global toolchains from /usr/share/apache-maven-3.9.16/conf/toolchains.xml
[DEBUG] Reading user toolchains from /home/runner/.m2/toolchains.xml
[DEBUG] Using local repository at /home/runner/.m2/repository
[DEBUG] Failed to decrypt password for server github: org.sonatype.plexus.components.sec.dispatcher.SecDispatcherException: java.io.FileNotFoundException: /home/runner/.m2/settings-security.xml (No such file or directory)
org.sonatype.plexus.components.sec.dispatcher.SecDispatcherException: org.sonatype.plexus.components.sec.dispatcher.SecDispatcherException: java.io.FileNotFoundException: /home/runner/.m2/settings-security.xml (No such file or directory)
    at org.sonatype.plexus.components.sec.dispatcher.DefaultSecDispatcher.decrypt (DefaultSecDispatcher.java:140)
    at org.apache.maven.settings.crypto.DefaultSettingsDecrypter.decrypt (DefaultSettingsDecrypter.java:111)
    at org.apache.maven.settings.crypto.DefaultSettingsDecrypter.decrypt (DefaultSettingsDecrypter.java:63)
    at org.apache.maven.internal.aether.DefaultRepositorySystemSessionFactory.newRepositorySession (DefaultRepositorySystemSessionFactory.java:203)
    at org.apache.maven.DefaultMaven.newRepositorySession (DefaultMaven.java:312)
    at org.apache.maven.DefaultMaven.doExecute (DefaultMaven.java:166)
    at org.apache.maven.DefaultMaven.execute (DefaultMaven.java:101)
    at org.apache.maven.cli.MavenCli.execute (MavenCli.java:919)
    at org.apache.maven.cli.MavenCli.doMain (MavenCli.java:285)
    at org.apache.maven.cli.MavenCli.main (MavenCli.java:207)
    at jdk.internal.reflect.DirectMethodHandleAccessor.invoke (DirectMethodHandleAccessor.java:103)
    at java.lang.reflect.Method.invoke (Method.java:580)
    at org.codehaus.plexus.classworlds.launcher.Launcher.launchEnhanced (Launcher.java:255)
    at org.codehaus.plexus.classworlds.launcher.Launcher.launch (Launcher.java:201)
    at org.codehaus.plexus.classworlds.launcher.Launcher.mainWithExitCode (Launcher.java:362)
    at org.codehaus.plexus.classworlds.launcher.Launcher.main (Launcher.java:314)
Caused by: org.sonatype.plexus.components.sec.dispatcher.SecDispatcherException: java.io.FileNotFoundException: /home/runner/.m2/settings-security.xml (No such file or directory)
    at org.sonatype.plexus.components.sec.dispatcher.SecUtil.read (SecUtil.java:66)
    at org.sonatype.plexus.components.sec.dispatcher.DefaultSecDispatcher.getSec (DefaultSecDispatcher.java:229)
    at org.sonatype.plexus.components.sec.dispatcher.DefaultSecDispatcher.decrypt (DefaultSecDispatcher.java:109)
    at org.apache.maven.settings.crypto.DefaultSettingsDecrypter.decrypt (DefaultSettingsDecrypter.java:111)
    at org.apache.maven.settings.crypto.DefaultSettingsDecrypter.decrypt (DefaultSettingsDecrypter.java:63)
    at org.apache.maven.internal.aether.DefaultRepositorySystemSessionFactory.newRepositorySession (DefaultRepositorySystemSessionFactory.java:203)
    at org.apache.maven.DefaultMaven.newRepositorySession (DefaultMaven.java:312)
    at org.apache.maven.DefaultMaven.doExecute (DefaultMaven.java:166)
    at org.apache.maven.DefaultMaven.execute (DefaultMaven.java:101)
    at org.apache.maven.cli.MavenCli.execute (MavenCli.java:919)
    at org.apache.maven.cli.MavenCli.doMain (MavenCli.java:285)
    at org.apache.maven.cli.MavenCli.main (MavenCli.java:207)
    at jdk.internal.reflect.DirectMethodHandleAccessor.invoke (DirectMethodHandleAccessor.java:103)
    at java.lang.reflect.Method.invoke (Method.java:580)
    at org.codehaus.plexus.classworlds.launcher.Launcher.launchEnhanced (Launcher.java:255)
    at org.codehaus.plexus.classworlds.launcher.Launcher.launch (Launcher.java:201)
    at org.codehaus.plexus.classworlds.launcher.Launcher.mainWithExitCode (Launcher.java:362)
    at org.codehaus.plexus.classworlds.launcher.Launcher.main (Launcher.java:314)
Caused by: java.io.FileNotFoundException: /home/runner/.m2/settings-security.xml (No such file or directory)
    at java.io.FileInputStream.open0 (Native Method)
    at java.io.FileInputStream.open (FileInputStream.java:213)
    at java.io.FileInputStream.<init> (FileInputStream.java:152)
    at java.io.FileInputStream.<init> (FileInputStream.java:106)
    at org.sonatype.plexus.components.sec.dispatcher.SecUtil.toStream (SecUtil.java:95)
    at org.sonatype.plexus.components.sec.dispatcher.SecUtil.read (SecUtil.java:53)
    at org.sonatype.plexus.components.sec.dispatcher.DefaultSecDispatcher.getSec (DefaultSecDispatcher.java:229)
    at org.sonatype.plexus.components.sec.dispatcher.DefaultSecDispatcher.decrypt (DefaultSecDispatcher.java:109)
    at org.apache.maven.settings.crypto.DefaultSettingsDecrypter.decrypt (DefaultSettingsDecrypter.java:111)
    at org.apache.maven.settings.crypto.DefaultSettingsDecrypter.decrypt (DefaultSettingsDecrypter.java:63)
    at org.apache.maven.internal.aether.DefaultRepositorySystemSessionFactory.newRepositorySession (DefaultRepositorySystemSessionFactory.java:203)
    at org.apache.maven.DefaultMaven.newRepositorySession (DefaultMaven.java:312)
    at org.apache.maven.DefaultMaven.doExecute (DefaultMaven.java:166)
    at org.apache.maven.DefaultMaven.execute (DefaultMaven.java:101)
    at org.apache.maven.cli.MavenCli.execute (MavenCli.java:919)
    at org.apache.maven.cli.MavenCli.doMain (MavenCli.java:285)
    at org.apache.maven.cli.MavenCli.main (MavenCli.java:207)
    at jdk.internal.reflect.DirectMethodHandleAccessor.invoke (DirectMethodHandleAccessor.java:103)
    at java.lang.reflect.Method.invoke (Method.java:580)
    at org.codehaus.plexus.classworlds.launcher.Launcher.launchEnhanced (Launcher.java:255)
    at org.codehaus.plexus.classworlds.launcher.Launcher.launch (Launcher.java:201)
    at org.codehaus.plexus.classworlds.launcher.Launcher.mainWithExitCode (Launcher.java:362)
    at org.codehaus.plexus.classworlds.launcher.Launcher.main (Launcher.java:314)
[DEBUG] Using manager EnhancedLocalRepositoryManager with priority 10.0 for /home/runner/.m2/repository
[INFO] Scanning for projects...
[ERROR] [ERROR] Some problems were encountered while processing the POMs:
[ERROR] Malformed POM /home/runner/work/spring-postgres-boilerplate/spring-postgres-boilerplate/pom.xml: Expected root element 'project' but found 'ns0:project' (position: START_TAG seen ...pache.org/POM/4.0.0 https://maven.apache.org/xsd/maven-4.0.0.xsd">... @2:214)  @ /home/runner/work/spring-postgres-boilerplate/spring-postgres-boilerplate/pom.xml, line 2, column 214
[ERROR] 'modelVersion' is missing. @ line 2, column 214
[FATAL] 'groupId' is missing. @ line 2, column 214
[FATAL] 'artifactId' is missing. @ line 2, column 214
[FATAL] 'version' is missing. @ line 2, column 214
 @ 
[ERROR] The build could not read 1 project -> [Help 1]
org.apache.maven.project.ProjectBuildingException: Some problems were encountered while processing the POMs:
[ERROR] Malformed POM /home/runner/work/spring-postgres-boilerplate/spring-postgres-boilerplate/pom.xml: Expected root element 'project' but found 'ns0:project' (position: START_TAG seen ...pache.org/POM/4.0.0 https://maven.apache.org/xsd/maven-4.0.0.xsd">... @2:214)  @ /home/runner/work/spring-postgres-boilerplate/spring-postgres-boilerplate/pom.xml, line 2, column 214
[ERROR] 'modelVersion' is missing. @ line 2, column 214
[FATAL] 'groupId' is missing. @ line 2, column 214
[FATAL] 'artifactId' is missing. @ line 2, column 214
[FATAL] 'version' is missing. @ line 2, column 214

    at org.apache.maven.project.DefaultProjectBuilder.build (DefaultProjectBuilder.java:389)
    at org.apache.maven.graph.DefaultGraphBuilder.collectProjects (DefaultGraphBuilder.java:351)
    at org.apache.maven.graph.DefaultGraphBuilder.getProjectsForMavenReactor (DefaultGraphBuilder.java:342)
    at org.apache.maven.graph.DefaultGraphBuilder.build (DefaultGraphBuilder.java:76)
    at org.apache.maven.DefaultMaven.buildGraph (DefaultMaven.java:448)
    at org.apache.maven.DefaultMaven.doExecute (DefaultMaven.java:197)
    at org.apache.maven.DefaultMaven.doExecute (DefaultMaven.java:173)
    at org.apache.maven.DefaultMaven.execute (DefaultMaven.java:101)
    at org.apache.maven.cli.MavenCli.execute (MavenCli.java:919)
    at org.apache.maven.cli.MavenCli.doMain (MavenCli.java:285)
    at org.apache.maven.cli.MavenCli.main (MavenCli.java:207)
    at jdk.internal.reflect.DirectMethodHandleAccessor.invoke (DirectMethodHandleAccessor.java:103)
    at java.lang.reflect.Method.invoke (Method.java:580)
    at org.codehaus.plexus.classworlds.launcher.Launcher.launchEnhanced (Launcher.java:255)
    at org.codehaus.plexus.classworlds.launcher.Launcher.launch (Launcher.java:201)
    at org.codehaus.plexus.classworlds.launcher.Launcher.mainWithExitCode (Launcher.java:362)
    at org.codehaus.plexus.classworlds.launcher.Launcher.main (Launcher.java:314)
[ERROR]   
[ERROR]   The project [unknown-group-id]:[unknown-artifact-id]:[unknown-version] (/home/runner/work/spring-postgres-boilerplate/spring-postgres-boilerplate/pom.xml) has 5 errors
[ERROR]     Malformed POM /home/runner/work/spring-postgres-boilerplate/spring-postgres-boilerplate/pom.xml: Expected root element 'project' but found 'ns0:project' (position: START_TAG seen ...pache.org/POM/4.0.0 https://maven.apache.org/xsd/maven-4.0.0.xsd">... @2:214)  @ /home/runner/work/spring-postgres-boilerplate/spring-postgres-boilerplate/pom.xml, line 2, column 214 -> [Help 2]
org.apache.maven.model.io.ModelParseException: Expected root element 'project' but found 'ns0:project' (position: START_TAG seen ...pache.org/POM/4.0.0 https://maven.apache.org/xsd/maven-4.0.0.xsd">... @2:214) 
    at org.apache.maven.model.io.DefaultModelReader.read (DefaultModelReader.java:96)
    at org.apache.maven.model.io.DefaultModelReader.read (DefaultModelReader.java:74)
    at org.apache.maven.model.building.DefaultModelProcessor.read (DefaultModelProcessor.java:99)
    at org.apache.maven.model.building.DefaultModelBuilder.readModel (DefaultModelBuilder.java:595)
    at org.apache.maven.model.building.DefaultModelBuilder.build (DefaultModelBuilder.java:262)
    at org.apache.maven.model.building.DefaultModelBuilder.build (DefaultModelBuilder.java:248)
    at org.apache.maven.project.DefaultProjectBuilder.build (DefaultProjectBuilder.java:447)
    at org.apache.maven.project.DefaultProjectBuilder.build (DefaultProjectBuilder.java:410)
    at org.apache.maven.project.DefaultProjectBuilder.build (DefaultProjectBuilder.java:367)
    at org.apache.maven.graph.DefaultGraphBuilder.collectProjects (DefaultGraphBuilder.java:351)
    at org.apache.maven.graph.DefaultGraphBuilder.getProjectsForMavenReactor (DefaultGraphBuilder.java:342)
    at org.apache.maven.graph.DefaultGraphBuilder.build (DefaultGraphBuilder.java:76)
    at org.apache.maven.DefaultMaven.buildGraph (DefaultMaven.java:448)
    at org.apache.maven.DefaultMaven.doExecute (DefaultMaven.java:197)
    at org.apache.maven.DefaultMaven.doExecute (DefaultMaven.java:173)
    at org.apache.maven.DefaultMaven.execute (DefaultMaven.java:101)
    at org.apache.maven.cli.MavenCli.execute (MavenCli.java:919)
    at org.apache.maven.cli.MavenCli.doMain (MavenCli.java:285)
    at org.apache.maven.cli.MavenCli.main (MavenCli.java:207)
    at jdk.internal.reflect.DirectMethodHandleAccessor.invoke (DirectMethodHandleAccessor.java:103)
    at java.lang.reflect.Method.invoke (Method.java:580)
    at org.codehaus.plexus.classworlds.launcher.Launcher.launchEnhanced (Launcher.java:255)
    at org.codehaus.plexus.classworlds.launcher.Launcher.launch (Launcher.java:201)
    at org.codehaus.plexus.classworlds.launcher.Launcher.mainWithExitCode (Launcher.java:362)
    at org.codehaus.plexus.classworlds.launcher.Launcher.main (Launcher.java:314)
Caused by: org.codehaus.plexus.util.xml.pull.XmlPullParserException: Expected root element 'project' but found 'ns0:project' (position: START_TAG seen ...pache.org/POM/4.0.0 https://maven.apache.org/xsd/maven-4.0.0.xsd">... @2:214) 
    at org.apache.maven.model.io.xpp3.MavenXpp3ReaderEx.read (MavenXpp3ReaderEx.java:637)
    at org.apache.maven.model.io.xpp3.MavenXpp3ReaderEx.read (MavenXpp3ReaderEx.java:676)
    at org.apache.maven.model.io.DefaultModelReader.read (DefaultModelReader.java:91)
    at org.apache.maven.model.io.DefaultModelReader.read (DefaultModelReader.java:74)
    at org.apache.maven.model.building.DefaultModelProcessor.read (DefaultModelProcessor.java:99)
    at org.apache.maven.model.building.DefaultModelBuilder.readModel (DefaultModelBuilder.java:595)
    at org.apache.maven.model.building.DefaultModelBuilder.build (DefaultModelBuilder.java:262)
    at org.apache.maven.model.building.DefaultModelBuilder.build (DefaultModelBuilder.java:248)
    at org.apache.maven.project.DefaultProjectBuilder.build (DefaultProjectBuilder.java:447)
    at org.apache.maven.project.DefaultProjectBuilder.build (DefaultProjectBuilder.java:410)
    at org.apache.maven.project.DefaultProjectBuilder.build (DefaultProjectBuilder.java:367)
    at org.apache.maven.graph.DefaultGraphBuilder.collectProjects (DefaultGraphBuilder.java:351)
    at org.apache.maven.graph.DefaultGraphBuilder.getProjectsForMavenReactor (DefaultGraphBuilder.java:342)
    at org.apache.maven.graph.DefaultGraphBuilder.build (DefaultGraphBuilder.java:76)
    at org.apache.maven.DefaultMaven.buildGraph (DefaultMaven.java:448)
    at org.apache.maven.DefaultMaven.doExecute (DefaultMaven.java:197)
    at org.apache.maven.DefaultMaven.doExecute (DefaultMaven.java:173)
    at org.apache.maven.DefaultMaven.execute (DefaultMaven.java:101)
    at org.apache.maven.cli.MavenCli.execute (MavenCli.java:919)
    at org.apache.maven.cli.MavenCli.doMain (MavenCli.java:285)
    at org.apache.maven.cli.MavenCli.main (MavenCli.java:207)
    at jdk.internal.reflect.DirectMethodHandleAccessor.invoke (DirectMethodHandleAccessor.java:103)
    at java.lang.reflect.Method.invoke (Method.java:580)
    at org.codehaus.plexus.classworlds.launcher.Launcher.launchEnhanced (Launcher.java:255)
    at org.codehaus.plexus.classworlds.launcher.Launcher.launch (Launcher.java:201)
    at org.codehaus.plexus.classworlds.launcher.Launcher.mainWithExitCode (Launcher.java:362)
    at org.codehaus.plexus.classworlds.launcher.Launcher.main (Launcher.java:314)
[ERROR]     'modelVersion' is missing. @ line 2, column 214
[ERROR]     'groupId' is missing. @ line 2, column 214
[ERROR]     'artifactId' is missing. @ line 2, column 214
[ERROR]     'version' is missing. @ line 2, column 214
[ERROR] 
[ERROR] 
[ERROR] For more information about the errors and possible solutions, please read the following articles:
[ERROR] [Help 1] http://cwiki.apache.org/confluence/display/MAVEN/ProjectBuildingException
[ERROR] [Help 2] http://cwiki.apache.org/confluence/display/MAVEN/ModelParseException
[DEBUG] Shutting down adapter factory; available factories [file-lock, rwlock-local, semaphore-local, noop]; available name mappers [discriminating, file-gaecv, file-gav, file-hgaecv, file-hgav, file-static, gaecv, gav, static]
[DEBUG] Shutting down 'file-lock' factory
[DEBUG] Shutting down 'rwlock-local' factory
[DEBUG] Shutting down 'semaphore-local' factory
[DEBUG] Shutting down 'noop' factory
